../Core/Src/Bsp.c:66:6:Bsp_Init	8	static
../Core/Src/Bsp.c:89:6:Bsp_GetSamplingFlag	4	static
../Core/Src/Bsp.c:99:6:Bsp_ClearSamplingFlag	4	static
../Core/Src/Bsp.c:109:5:Bsp_AdcRead	16	static
../Core/Src/Bsp.c:131:6:Bsp_PwmSetDuty	24	static
../Core/Src/Bsp.c:163:6:Bsp_GetButtonExtiFlag	4	static
../Core/Src/Bsp.c:173:6:Bsp_ClearButtonExtiFlag	4	static
../Core/Src/Bsp.c:183:6:Bsp_StartDebounceTimer	8	static
../Core/Src/Bsp.c:194:6:Bsp_GetDebounceTimeoutFlag	8	static
../Core/Src/Bsp.c:212:6:Bsp_ClearDebounceTimeoutFlag	4	static
../Core/Src/Bsp.c:223:6:Bsp_UartRxHasData	4	static
../Core/Src/Bsp.c:237:4:Bsp_UartRxReadByte	16	static
../Core/Src/Bsp.c:252:5:_write	24	static
../Core/Src/Bsp.c:263:6:HAL_TIM_PeriodElapsedCallback	16	static
../Core/Src/Bsp.c:276:6:HAL_GPIO_EXTI_Callback	16	static
